Starting single-GPU training: 61017 train items (400 held out for calibration) | 4 epochs | 7624 optimizer steps | eff batch 32
/workspace/train.py:185: UserWarning: Detected call of `lr_scheduler.step()` before `optimizer.step()`. In PyTorch 1.1.0 and later, you should call them in the opposite order: `optimizer.step()` before `lr_scheduler.step()`.  Failure to do this will result in PyTorch skipping the first value of the learning rate schedule. See more details at https://pytorch.org/docs/stable/optim.html#how-to-adjust-learning-rate
  scheduler.step()
  Epoch 1/4 | Step 50 | Loss: 0.4127 | Reward: -0.299 | LR: 2.50e-05
  Epoch 1/4 | Step 100 | Loss: 0.5139 | Reward: 0.148 | LR: 2.50e-05
  Epoch 1/4 | Step 150 | Loss: 0.8072 | Reward: 0.062 | LR: 2.50e-05
  Epoch 1/4 | Step 200 | Loss: 0.4513 | Reward: 0.022 | LR: 2.50e-05
  Epoch 1/4 | Step 250 | Loss: 0.1559 | Reward: 0.342 | LR: 2.50e-05
  Epoch 1/4 | Step 300 | Loss: 0.6409 | Reward: 0.009 | LR: 2.50e-05
  Epoch 1/4 | Step 350 | Loss: -0.0281 | Reward: 0.719 | LR: 2.50e-05
  Epoch 1/4 | Step 400 | Loss: -0.4752 | Reward: 0.615 | LR: 2.50e-05
  Epoch 1/4 | Step 450 | Loss: 0.2742 | Reward: 0.555 | LR: 2.49e-05
  Epoch 1/4 | Step 500 | Loss: 0.1111 | Reward: 0.555 | LR: 2.49e-05
  Epoch 1/4 | Step 550 | Loss: 0.2763 | Reward: 0.169 | LR: 2.49e-05
  Epoch 1/4 | Step 600 | Loss: 0.0263 | Reward: 0.566 | LR: 2.49e-05
  Epoch 1/4 | Step 650 | Loss: 0.5337 | Reward: -0.042 | LR: 2.49e-05
  Epoch 1/4 | Step 700 | Loss: 0.2328 | Reward: 0.476 | LR: 2.49e-05
  Epoch 1/4 | Step 750 | Loss: 0.2962 | Reward: 0.361 | LR: 2.49e-05
  Epoch 1/4 | Step 800 | Loss: 0.4747 | Reward: 0.097 | LR: 2.48e-05
  Epoch 1/4 | Step 850 | Loss: 0.0401 | Reward: 0.547 | LR: 2.48e-05
  Epoch 1/4 | Step 900 | Loss: -0.2081 | Reward: 0.726 | LR: 2.48e-05
  Epoch 1/4 | Step 950 | Loss: -0.1236 | Reward: 0.725 | LR: 2.48e-05
  Epoch 1/4 | Step 1000 | Loss: 0.5110 | Reward: 0.353 | LR: 2.47e-05
  Epoch 1/4 | Step 1050 | Loss: 0.7108 | Reward: 0.258 | LR: 2.47e-05
  Epoch 1/4 | Step 1100 | Loss: 0.2350 | Reward: 0.225 | LR: 2.47e-05
  Epoch 1/4 | Step 1150 | Loss: 0.5492 | Reward: -0.288 | LR: 2.47e-05
  Epoch 1/4 | Step 1200 | Loss: 0.2605 | Reward: 0.575 | LR: 2.46e-05
  Epoch 1/4 | Step 1250 | Loss: 0.3224 | Reward: 0.436 | LR: 2.46e-05
  Epoch 1/4 | Step 1300 | Loss: 0.2162 | Reward: 0.433 | LR: 2.46e-05
  Epoch 1/4 | Step 1350 | Loss: 0.6695 | Reward: 0.019 | LR: 2.45e-05
  Epoch 1/4 | Step 1400 | Loss: 0.0477 | Reward: 0.559 | LR: 2.45e-05
  Epoch 1/4 | Step 1450 | Loss: 0.0948 | Reward: 0.731 | LR: 2.45e-05
  Epoch 1/4 | Step 1500 | Loss: -0.0886 | Reward: 0.564 | LR: 2.44e-05
  Epoch 1/4 | Step 1550 | Loss: 0.2771 | Reward: 0.396 | LR: 2.44e-05
  Epoch 1/4 | Step 1600 | Loss: 0.0795 | Reward: 0.579 | LR: 2.44e-05
  Epoch 1/4 | Step 1650 | Loss: 0.1320 | Reward: 0.557 | LR: 2.43e-05
  Epoch 1/4 | Step 1700 | Loss: 0.7617 | Reward: -0.231 | LR: 2.43e-05
  Epoch 1/4 | Step 1750 | Loss: 0.1827 | Reward: 0.308 | LR: 2.42e-05
  Epoch 1/4 | Step 1800 | Loss: 0.2718 | Reward: 0.587 | LR: 2.42e-05
  Epoch 1/4 | Step 1850 | Loss: -0.1619 | Reward: 0.726 | LR: 2.41e-05
  Epoch 1/4 | Step 1900 | Loss: 0.1221 | Reward: 0.671 | LR: 2.41e-05
  Epoch 1/4 | Step 1950 | Loss: 0.2936 | Reward: 0.034 | LR: 2.40e-05
  Epoch 1/4 | Step 2000 | Loss: 0.5016 | Reward: 0.287 | LR: 2.40e-05
  Epoch 1/4 | Step 2050 | Loss: 0.5116 | Reward: 0.676 | LR: 2.39e-05
  Epoch 1/4 | Step 2100 | Loss: 0.2182 | Reward: 0.740 | LR: 2.39e-05
  Epoch 1/4 | Step 2150 | Loss: 0.8877 | Reward: -0.106 | LR: 2.38e-05
  Epoch 1/4 | Step 2200 | Loss: 0.4880 | Reward: 0.072 | LR: 2.38e-05
  Epoch 1/4 | Step 2250 | Loss: 0.0035 | Reward: 0.635 | LR: 2.37e-05
  Epoch 1/4 | Step 2300 | Loss: 0.4297 | Reward: 0.144 | LR: 2.37e-05
  Epoch 1/4 | Step 2350 | Loss: -0.0148 | Reward: 0.748 | LR: 2.36e-05
  Epoch 1/4 | Step 2400 | Loss: 0.0634 | Reward: 0.133 | LR: 2.36e-05
  Epoch 1/4 | Step 2450 | Loss: 0.0705 | Reward: 0.536 | LR: 2.35e-05
  Epoch 1/4 | Step 2500 | Loss: 0.1585 | Reward: 0.198 | LR: 2.34e-05
  Epoch 1/4 | Step 2550 | Loss: -0.2875 | Reward: 0.742 | LR: 2.34e-05
  Epoch 1/4 | Step 2600 | Loss: 0.0194 | Reward: 0.740 | LR: 2.33e-05
  Epoch 1/4 | Step 2650 | Loss: 0.4133 | Reward: 0.189 | LR: 2.33e-05
  Epoch 1/4 | Step 2700 | Loss: 0.2002 | Reward: 0.499 | LR: 2.32e-05
  Epoch 1/4 | Step 2750 | Loss: 0.5830 | Reward: 0.062 | LR: 2.31e-05
  Epoch 1/4 | Step 2800 | Loss: 0.2701 | Reward: 0.663 | LR: 2.31e-05
  Epoch 1/4 | Step 2850 | Loss: -0.0194 | Reward: 0.747 | LR: 2.30e-05
  Epoch 1/4 | Step 2900 | Loss: 0.8149 | Reward: 0.030 | LR: 2.29e-05
  Epoch 1/4 | Step 2950 | Loss: 0.2384 | Reward: 0.334 | LR: 2.29e-05
  Epoch 1/4 | Step 3000 | Loss: -0.0455 | Reward: 0.741 | LR: 2.28e-05
  Epoch 1/4 | Step 3050 | Loss: 0.4513 | Reward: 0.072 | LR: 2.27e-05
  Epoch 1/4 | Step 3100 | Loss: 0.0644 | Reward: 0.537 | LR: 2.26e-05
  Epoch 1/4 | Step 3150 | Loss: 0.1553 | Reward: 0.541 | LR: 2.26e-05
  Epoch 1/4 | Step 3200 | Loss: 0.0446 | Reward: 0.434 | LR: 2.25e-05
  Epoch 1/4 | Step 3250 | Loss: -0.0529 | Reward: 0.657 | LR: 2.24e-05
  Epoch 1/4 | Step 3300 | Loss: -0.2327 | Reward: 0.733 | LR: 2.23e-05
  Epoch 1/4 | Step 3350 | Loss: 0.3494 | Reward: 0.448 | LR: 2.23e-05
  Epoch 1/4 | Step 3400 | Loss: 0.1946 | Reward: 0.435 | LR: 2.22e-05
  Epoch 1/4 | Step 3450 | Loss: 0.7391 | Reward: -0.243 | LR: 2.21e-05
  Epoch 1/4 | Step 3500 | Loss: 0.1807 | Reward: 0.529 | LR: 2.20e-05
  Epoch 1/4 | Step 3550 | Loss: 0.1119 | Reward: 0.740 | LR: 2.19e-05
  Epoch 1/4 | Step 3600 | Loss: -0.1118 | Reward: 0.749 | LR: 2.18e-05
  Epoch 1/4 | Step 3650 | Loss: 0.0467 | Reward: 0.744 | LR: 2.18e-05
  Epoch 1/4 | Step 3700 | Loss: 0.0264 | Reward: 0.749 | LR: 2.17e-05
  Epoch 1/4 | Step 3750 | Loss: 0.1677 | Reward: 0.744 | LR: 2.16e-05
  Epoch 1/4 | Step 3800 | Loss: 0.4752 | Reward: 0.467 | LR: 2.15e-05
=== Epoch 1/4 done in 3025.2s | avg loss: 0.2571 ===
  Epoch 2/4 | Step 50 | Loss: 0.4826 | Reward: 0.491 | LR: 2.14e-05
  Epoch 2/4 | Step 100 | Loss: 0.4079 | Reward: 0.426 | LR: 2.13e-05
  Epoch 2/4 | Step 150 | Loss: 0.0000 | Reward: 0.750 | LR: 2.12e-05
  Epoch 2/4 | Step 200 | Loss: 0.6685 | Reward: 0.128 | LR: 2.11e-05
  Epoch 2/4 | Step 250 | Loss: 1.3083 | Reward: 0.127 | LR: 2.10e-05
  Epoch 2/4 | Step 300 | Loss: 0.0261 | Reward: 0.749 | LR: 2.09e-05
  Epoch 2/4 | Step 350 | Loss: 1.1649 | Reward: 0.127 | LR: 2.08e-05
  Epoch 2/4 | Step 400 | Loss: 0.1564 | Reward: 0.712 | LR: 2.08e-05
  Epoch 2/4 | Step 450 | Loss: 0.7732 | Reward: 0.128 | LR: 2.07e-05
  Epoch 2/4 | Step 500 | Loss: 2.1967 | Reward: -0.495 | LR: 2.06e-05
  Epoch 2/4 | Step 550 | Loss: 0.6476 | Reward: 0.123 | LR: 2.05e-05
  Epoch 2/4 | Step 600 | Loss: 1.1178 | Reward: 0.127 | LR: 2.04e-05
  Epoch 2/4 | Step 650 | Loss: -0.0158 | Reward: 0.750 | LR: 2.03e-05
  Epoch 2/4 | Step 700 | Loss: 0.8402 | Reward: 0.123 | LR: 2.02e-05
  Epoch 2/4 | Step 750 | Loss: -0.0015 | Reward: 0.750 | LR: 2.01e-05
  Epoch 2/4 | Step 800 | Loss: -0.0032 | Reward: 0.750 | LR: 2.00e-05
  Epoch 2/4 | Step 850 | Loss: 0.8274 | Reward: 0.128 | LR: 1.99e-05
  Epoch 2/4 | Step 900 | Loss: 0.0060 | Reward: 0.750 | LR: 1.98e-05
  Epoch 2/4 | Step 950 | Loss: 1.0635 | Reward: 0.127 | LR: 1.97e-05
  Epoch 2/4 | Step 1000 | Loss: 0.0000 | Reward: 0.750 | LR: 1.96e-05
  Epoch 2/4 | Step 1050 | Loss: 0.1473 | Reward: 0.750 | LR: 1.95e-05
  Epoch 2/4 | Step 1100 | Loss: 0.9521 | Reward: 0.127 | LR: 1.94e-05
  Epoch 2/4 | Step 1150 | Loss: 0.9177 | Reward: 0.127 | LR: 1.93e-05
  Epoch 2/4 | Step 1200 | Loss: 0.0000 | Reward: 0.750 | LR: 1.91e-05
  Epoch 2/4 | Step 1250 | Loss: 2.2507 | Reward: -0.495 | LR: 1.90e-05
  Epoch 2/4 | Step 1300 | Loss: 0.9971 | Reward: 0.127 | LR: 1.89e-05
  Epoch 2/4 | Step 1350 | Loss: -0.0083 | Reward: 0.750 | LR: 1.88e-05
  Epoch 2/4 | Step 1400 | Loss: 1.2363 | Reward: 0.127 | LR: 1.87e-05
  Epoch 2/4 | Step 1450 | Loss: 0.0004 | Reward: 0.750 | LR: 1.86e-05
  Epoch 2/4 | Step 1500 | Loss: -0.0000 | Reward: 0.750 | LR: 1.85e-05
  Epoch 2/4 | Step 1550 | Loss: 1.0665 | Reward: 0.127 | LR: 1.84e-05
  Epoch 2/4 | Step 1600 | Loss: 1.8517 | Reward: -0.971 | LR: 1.83e-05
  Epoch 2/4 | Step 1650 | Loss: 0.0005 | Reward: 0.750 | LR: 1.82e-05
  Epoch 2/4 | Step 1700 | Loss: -0.0872 | Reward: 0.750 | LR: 1.81e-05
  Epoch 2/4 | Step 1750 | Loss: 0.8682 | Reward: 0.127 | LR: 1.79e-05
  Epoch 2/4 | Step 1800 | Loss: 1.1841 | Reward: 0.127 | LR: 1.78e-05
  Epoch 2/4 | Step 1850 | Loss: 0.0618 | Reward: 0.626 | LR: 1.77e-05
  Epoch 2/4 | Step 1900 | Loss: 0.0000 | Reward: 0.750 | LR: 1.76e-05
  Epoch 2/4 | Step 1950 | Loss: 0.0000 | Reward: 0.750 | LR: 1.75e-05
  Epoch 2/4 | Step 2000 | Loss: 1.0679 | Reward: 0.127 | LR: 1.74e-05
  Epoch 2/4 | Step 2050 | Loss: 0.0029 | Reward: 0.750 | LR: 1.73e-05
  Epoch 2/4 | Step 2100 | Loss: -0.0121 | Reward: 0.750 | LR: 1.71e-05
  Epoch 2/4 | Step 2150 | Loss: 1.1142 | Reward: 0.127 | LR: 1.70e-05
  Epoch 2/4 | Step 2200 | Loss: 1.9437 | Reward: -0.555 | LR: 1.69e-05
  Epoch 2/4 | Step 2250 | Loss: 1.0445 | Reward: 0.127 | LR: 1.68e-05
  Epoch 2/4 | Step 2300 | Loss: 0.9806 | Reward: 0.127 | LR: 1.67e-05
  Epoch 2/4 | Step 2350 | Loss: 0.7002 | Reward: 0.128 | LR: 1.66e-05
  Epoch 2/4 | Step 2400 | Loss: 2.2311 | Reward: -0.495 | LR: 1.64e-05
  Epoch 2/4 | Step 2450 | Loss: 0.0057 | Reward: 0.750 | LR: 1.63e-05
  Epoch 2/4 | Step 2500 | Loss: 0.4823 | Reward: 0.750 | LR: 1.62e-05
  Epoch 2/4 | Step 2550 | Loss: 1.9040 | Reward: -0.495 | LR: 1.61e-05
  Epoch 2/4 | Step 2600 | Loss: -0.0244 | Reward: 0.750 | LR: 1.60e-05
  Epoch 2/4 | Step 2650 | Loss: -0.0031 | Reward: 0.750 | LR: 1.58e-05
  Epoch 2/4 | Step 2700 | Loss: 0.0040 | Reward: 0.750 | LR: 1.57e-05
  Epoch 2/4 | Step 2750 | Loss: 0.0369 | Reward: 0.703 | LR: 1.56e-05
  Epoch 2/4 | Step 2800 | Loss: 0.5242 | Reward: 0.359 | LR: 1.55e-05
  Epoch 2/4 | Step 2850 | Loss: 1.0370 | Reward: 0.127 | LR: 1.54e-05
  Epoch 2/4 | Step 2900 | Loss: -0.0018 | Reward: 0.750 | LR: 1.52e-05
  Epoch 2/4 | Step 2950 | Loss: 0.1437 | Reward: 0.750 | LR: 1.51e-05
  Epoch 2/4 | Step 3000 | Loss: -0.0067 | Reward: 0.750 | LR: 1.50e-05
  Epoch 2/4 | Step 3050 | Loss: 0.8694 | Reward: 0.127 | LR: 1.49e-05
  Epoch 2/4 | Step 3100 | Loss: 0.5608 | Reward: 0.169 | LR: 1.47e-05
  Epoch 2/4 | Step 3150 | Loss: 1.0720 | Reward: 0.127 | LR: 1.46e-05
  Epoch 2/4 | Step 3200 | Loss: 1.0312 | Reward: 0.127 | LR: 1.45e-05
  Epoch 2/4 | Step 3250 | Loss: 1.0696 | Reward: 0.127 | LR: 1.44e-05
  Epoch 2/4 | Step 3300 | Loss: -0.0035 | Reward: 0.750 | LR: 1.43e-05
  Epoch 2/4 | Step 3350 | Loss: -0.0563 | Reward: 0.750 | LR: 1.41e-05
  Epoch 2/4 | Step 3400 | Loss: -0.0073 | Reward: 0.750 | LR: 1.40e-05
  Epoch 2/4 | Step 3450 | Loss: 0.0236 | Reward: 0.750 | LR: 1.39e-05
  Epoch 2/4 | Step 3500 | Loss: -0.0013 | Reward: 0.750 | LR: 1.38e-05
  Epoch 2/4 | Step 3550 | Loss: -0.0167 | Reward: 0.750 | LR: 1.36e-05
  Epoch 2/4 | Step 3600 | Loss: 1.0027 | Reward: 0.127 | LR: 1.35e-05
  Epoch 2/4 | Step 3650 | Loss: -0.0138 | Reward: 0.750 | LR: 1.34e-05
  Epoch 2/4 | Step 3700 | Loss: 0.9528 | Reward: 0.127 | LR: 1.33e-05
  Epoch 2/4 | Step 3750 | Loss: 0.0000 | Reward: 0.750 | LR: 1.31e-05
  Epoch 2/4 | Step 3800 | Loss: 0.0000 | Reward: 0.750 | LR: 1.30e-05
=== Epoch 2/4 done in 6043.7s | avg loss: 0.4932 ===
  Epoch 3/4 | Step 50 | Loss: 0.0032 | Reward: 0.750 | LR: 1.29e-05
  Epoch 3/4 | Step 100 | Loss: 0.0001 | Reward: 0.750 | LR: 1.27e-05
  Epoch 3/4 | Step 150 | Loss: -0.0022 | Reward: 0.750 | LR: 1.26e-05
  Epoch 3/4 | Step 200 | Loss: 0.0001 | Reward: 0.750 | LR: 1.25e-05
  Epoch 3/4 | Step 250 | Loss: -0.0010 | Reward: 0.750 | LR: 1.24e-05
  Epoch 3/4 | Step 300 | Loss: 1.1381 | Reward: 0.127 | LR: 1.22e-05
  Epoch 3/4 | Step 350 | Loss: 0.0000 | Reward: 0.750 | LR: 1.21e-05
  Epoch 3/4 | Step 400 | Loss: -0.0049 | Reward: 0.750 | LR: 1.20e-05
  Epoch 3/4 | Step 450 | Loss: 1.1237 | Reward: 0.127 | LR: 1.19e-05
  Epoch 3/4 | Step 500 | Loss: -0.0070 | Reward: 0.750 | LR: 1.18e-05
  Epoch 3/4 | Step 550 | Loss: 0.8657 | Reward: 0.128 | LR: 1.16e-05
  Epoch 3/4 | Step 600 | Loss: 0.0000 | Reward: 0.750 | LR: 1.15e-05
  Epoch 3/4 | Step 650 | Loss: -0.0077 | Reward: 0.750 | LR: 1.14e-05
  Epoch 3/4 | Step 700 | Loss: -0.0017 | Reward: 0.750 | LR: 1.13e-05
  Epoch 3/4 | Step 750 | Loss: -0.0062 | Reward: 0.750 | LR: 1.11e-05
  Epoch 3/4 | Step 800 | Loss: 1.0937 | Reward: 0.127 | LR: 1.10e-05
  Epoch 3/4 | Step 850 | Loss: -0.0040 | Reward: 0.750 | LR: 1.09e-05
  Epoch 3/4 | Step 900 | Loss: 0.0000 | Reward: 0.750 | LR: 1.08e-05
  Epoch 3/4 | Step 950 | Loss: 2.3044 | Reward: -0.495 | LR: 1.07e-05
  Epoch 3/4 | Step 1000 | Loss: 0.0000 | Reward: 0.750 | LR: 1.05e-05
  Epoch 3/4 | Step 1050 | Loss: -0.1601 | Reward: 0.744 | LR: 1.04e-05
  Epoch 3/4 | Step 1100 | Loss: -0.0072 | Reward: 0.750 | LR: 1.03e-05
  Epoch 3/4 | Step 1150 | Loss: -0.0033 | Reward: 0.750 | LR: 1.02e-05
  Epoch 3/4 | Step 1200 | Loss: 0.8736 | Reward: 0.128 | LR: 1.01e-05
  Epoch 3/4 | Step 1250 | Loss: 0.0000 | Reward: 0.750 | LR: 9.93e-06
  Epoch 3/4 | Step 1300 | Loss: 0.0000 | Reward: 0.750 | LR: 9.81e-06
  Epoch 3/4 | Step 1350 | Loss: 1.0881 | Reward: 0.127 | LR: 9.70e-06
  Epoch 3/4 | Step 1400 | Loss: 0.2306 | Reward: 0.667 | LR: 9.58e-06
  Epoch 3/4 | Step 1450 | Loss: -0.0008 | Reward: 0.750 | LR: 9.46e-06
  Epoch 3/4 | Step 1500 | Loss: 1.0409 | Reward: 0.127 | LR: 9.34e-06
  Epoch 3/4 | Step 1550 | Loss: 0.0000 | Reward: 0.750 | LR: 9.22e-06
  Epoch 3/4 | Step 1600 | Loss: 1.0920 | Reward: 0.038 | LR: 9.11e-06
  Epoch 3/4 | Step 1650 | Loss: 0.0000 | Reward: 0.750 | LR: 8.99e-06
  Epoch 3/4 | Step 1700 | Loss: 1.0583 | Reward: 0.127 | LR: 8.87e-06
  Epoch 3/4 | Step 1750 | Loss: -0.0055 | Reward: 0.750 | LR: 8.76e-06
  Epoch 3/4 | Step 1800 | Loss: -0.0006 | Reward: 0.750 | LR: 8.64e-06
  Epoch 3/4 | Step 1850 | Loss: 1.6598 | Reward: 0.098 | LR: 8.53e-06
  Epoch 3/4 | Step 1900 | Loss: -0.0012 | Reward: 0.750 | LR: 8.41e-06
  Epoch 3/4 | Step 1950 | Loss: -0.0052 | Reward: 0.750 | LR: 8.30e-06
  Epoch 3/4 | Step 2000 | Loss: 0.0006 | Reward: 0.750 | LR: 8.18e-06
  Epoch 3/4 | Step 2050 | Loss: 0.0018 | Reward: 0.750 | LR: 8.07e-06
  Epoch 3/4 | Step 2100 | Loss: -0.0032 | Reward: 0.750 | LR: 7.96e-06
  Epoch 3/4 | Step 2150 | Loss: -0.0055 | Reward: 0.750 | LR: 7.85e-06
  Epoch 3/4 | Step 2200 | Loss: -0.0053 | Reward: 0.750 | LR: 7.74e-06
  Epoch 3/4 | Step 2250 | Loss: 1.4252 | Reward: -0.284 | LR: 7.63e-06
  Epoch 3/4 | Step 2300 | Loss: -0.0217 | Reward: 0.750 | LR: 7.52e-06
  Epoch 3/4 | Step 2350 | Loss: -0.0018 | Reward: 0.750 | LR: 7.41e-06
  Epoch 3/4 | Step 2400 | Loss: -0.0039 | Reward: 0.750 | LR: 7.30e-06
  Epoch 3/4 | Step 2450 | Loss: -0.0054 | Reward: 0.750 | LR: 7.19e-06
  Epoch 3/4 | Step 2500 | Loss: -0.0049 | Reward: 0.750 | LR: 7.08e-06
  Epoch 3/4 | Step 2550 | Loss: 0.0000 | Reward: 0.750 | LR: 6.97e-06
  Epoch 3/4 | Step 2600 | Loss: 0.0000 | Reward: 0.750 | LR: 6.87e-06
  Epoch 3/4 | Step 2650 | Loss: 0.9424 | Reward: 0.128 | LR: 6.76e-06
  Epoch 3/4 | Step 2700 | Loss: 1.0751 | Reward: 0.127 | LR: 6.66e-06
  Epoch 3/4 | Step 2750 | Loss: 0.0000 | Reward: 0.750 | LR: 6.55e-06
  Epoch 3/4 | Step 2800 | Loss: -0.0030 | Reward: 0.750 | LR: 6.45e-06
  Epoch 3/4 | Step 2850 | Loss: 0.0000 | Reward: 0.750 | LR: 6.34e-06
  Epoch 3/4 | Step 2900 | Loss: 0.0000 | Reward: 0.750 | LR: 6.24e-06
  Epoch 3/4 | Step 2950 | Loss: 0.0000 | Reward: 0.750 | LR: 6.14e-06
  Epoch 3/4 | Step 3000 | Loss: 1.0859 | Reward: 0.127 | LR: 6.04e-06
  Epoch 3/4 | Step 3050 | Loss: 1.0526 | Reward: 0.127 | LR: 5.94e-06
  Epoch 3/4 | Step 3100 | Loss: 0.8916 | Reward: 0.127 | LR: 5.84e-06
  Epoch 3/4 | Step 3150 | Loss: -0.0048 | Reward: 0.750 | LR: 5.74e-06
  Epoch 3/4 | Step 3200 | Loss: 0.0000 | Reward: 0.750 | LR: 5.64e-06
  Epoch 3/4 | Step 3250 | Loss: -0.0024 | Reward: 0.750 | LR: 5.54e-06
  Epoch 3/4 | Step 3300 | Loss: 0.0000 | Reward: 0.750 | LR: 5.45e-06
  Epoch 3/4 | Step 3350 | Loss: 0.0000 | Reward: 0.750 | LR: 5.35e-06
  Epoch 3/4 | Step 3400 | Loss: 0.0013 | Reward: 0.750 | LR: 5.26e-06
  Epoch 3/4 | Step 3450 | Loss: 0.0000 | Reward: 0.750 | LR: 5.16e-06
  Epoch 3/4 | Step 3500 | Loss: -0.0369 | Reward: 0.750 | LR: 5.07e-06
  Epoch 3/4 | Step 3550 | Loss: 0.0037 | Reward: 0.750 | LR: 4.98e-06
  Epoch 3/4 | Step 3600 | Loss: 0.0000 | Reward: 0.750 | LR: 4.89e-06
  Epoch 3/4 | Step 3650 | Loss: 0.0000 | Reward: 0.750 | LR: 4.80e-06
  Epoch 3/4 | Step 3700 | Loss: 1.0235 | Reward: 0.127 | LR: 4.71e-06
  Epoch 3/4 | Step 3750 | Loss: 0.0053 | Reward: 0.750 | LR: 4.62e-06
  Epoch 3/4 | Step 3800 | Loss: 1.1277 | Reward: 0.127 | LR: 4.53e-06
=== Epoch 3/4 done in 9071.5s | avg loss: 0.3228 ===
  Epoch 4/4 | Step 50 | Loss: 0.0000 | Reward: 0.750 | LR: 4.42e-06
  Epoch 4/4 | Step 100 | Loss: 0.0000 | Reward: 0.750 | LR: 4.33e-06
  Epoch 4/4 | Step 150 | Loss: 0.0000 | Reward: 0.750 | LR: 4.25e-06
  Epoch 4/4 | Step 200 | Loss: 0.0000 | Reward: 0.750 | LR: 4.16e-06
  Epoch 4/4 | Step 250 | Loss: 0.9298 | Reward: 0.127 | LR: 4.08e-06
  Epoch 4/4 | Step 300 | Loss: 0.0000 | Reward: 0.750 | LR: 4.00e-06
  Epoch 4/4 | Step 350 | Loss: 0.0000 | Reward: 0.750 | LR: 3.92e-06
  Epoch 4/4 | Step 400 | Loss: 0.0000 | Reward: 0.750 | LR: 3.84e-06
  Epoch 4/4 | Step 450 | Loss: 0.0000 | Reward: 0.750 | LR: 3.76e-06
  Epoch 4/4 | Step 500 | Loss: 0.0000 | Reward: 0.750 | LR: 3.68e-06
  Epoch 4/4 | Step 550 | Loss: 0.0000 | Reward: 0.750 | LR: 3.60e-06
  Epoch 4/4 | Step 600 | Loss: -0.0052 | Reward: 0.750 | LR: 3.52e-06
  Epoch 4/4 | Step 650 | Loss: 0.0000 | Reward: 0.750 | LR: 3.45e-06
  Epoch 4/4 | Step 700 | Loss: 1.0559 | Reward: 0.127 | LR: 3.37e-06
  Epoch 4/4 | Step 750 | Loss: 0.0000 | Reward: 0.750 | LR: 3.30e-06
  Epoch 4/4 | Step 800 | Loss: 0.0000 | Reward: 0.750 | LR: 3.23e-06
  Epoch 4/4 | Step 850 | Loss: -0.0034 | Reward: 0.750 | LR: 3.16e-06
  Epoch 4/4 | Step 900 | Loss: 0.0000 | Reward: 0.750 | LR: 3.09e-06
  Epoch 4/4 | Step 950 | Loss: 0.9127 | Reward: 0.127 | LR: 3.02e-06
  Epoch 4/4 | Step 1000 | Loss: 1.0244 | Reward: 0.127 | LR: 2.95e-06
  Epoch 4/4 | Step 1050 | Loss: 0.0000 | Reward: 0.750 | LR: 2.88e-06
  Epoch 4/4 | Step 1100 | Loss: 0.0000 | Reward: 0.750 | LR: 2.82e-06
  Epoch 4/4 | Step 1150 | Loss: 0.0000 | Reward: 0.750 | LR: 2.75e-06
  Epoch 4/4 | Step 1200 | Loss: 0.0015 | Reward: 0.750 | LR: 2.69e-06
  Epoch 4/4 | Step 1250 | Loss: 0.0000 | Reward: 0.750 | LR: 2.63e-06
  Epoch 4/4 | Step 1300 | Loss: 0.0000 | Reward: 0.750 | LR: 2.56e-06
  Epoch 4/4 | Step 1350 | Loss: -0.1793 | Reward: 0.742 | LR: 2.50e-06
  Epoch 4/4 | Step 1400 | Loss: -0.0128 | Reward: 0.750 | LR: 2.44e-06
  Epoch 4/4 | Step 1450 | Loss: -0.0002 | Reward: 0.585 | LR: 2.39e-06
  Epoch 4/4 | Step 1500 | Loss: 0.0000 | Reward: 0.750 | LR: 2.33e-06
  Epoch 4/4 | Step 1550 | Loss: 0.0000 | Reward: 0.750 | LR: 2.27e-06
  Epoch 4/4 | Step 1600 | Loss: 0.0000 | Reward: 0.750 | LR: 2.22e-06
  Epoch 4/4 | Step 1650 | Loss: -0.0031 | Reward: 0.750 | LR: 2.16e-06
  Epoch 4/4 | Step 1700 | Loss: 0.0000 | Reward: 0.750 | LR: 2.11e-06
  Epoch 4/4 | Step 1750 | Loss: 0.0000 | Reward: 0.750 | LR: 2.06e-06
  Epoch 4/4 | Step 1800 | Loss: -0.1588 | Reward: 0.750 | LR: 2.01e-06
  Epoch 4/4 | Step 1850 | Loss: 0.0000 | Reward: 0.750 | LR: 1.96e-06
  Epoch 4/4 | Step 1900 | Loss: 0.0000 | Reward: 0.750 | LR: 1.91e-06
  Epoch 4/4 | Step 1950 | Loss: 0.0000 | Reward: 0.750 | LR: 1.87e-06
  Epoch 4/4 | Step 2000 | Loss: 0.0000 | Reward: 0.750 | LR: 1.82e-06
  Epoch 4/4 | Step 2050 | Loss: -0.0038 | Reward: 0.750 | LR: 1.78e-06
  Epoch 4/4 | Step 2100 | Loss: 0.0000 | Reward: 0.750 | LR: 1.73e-06
  Epoch 4/4 | Step 2150 | Loss: 0.0000 | Reward: 0.750 | LR: 1.69e-06
  Epoch 4/4 | Step 2200 | Loss: 0.0000 | Reward: 0.750 | LR: 1.65e-06
  Epoch 4/4 | Step 2250 | Loss: 1.0833 | Reward: 0.127 | LR: 1.61e-06
  Epoch 4/4 | Step 2300 | Loss: -0.0092 | Reward: 0.750 | LR: 1.57e-06
  Epoch 4/4 | Step 2350 | Loss: -0.0015 | Reward: 0.750 | LR: 1.54e-06
  Epoch 4/4 | Step 2400 | Loss: 0.0000 | Reward: 0.750 | LR: 1.50e-06
  Epoch 4/4 | Step 2450 | Loss: 0.0000 | Reward: 0.750 | LR: 1.47e-06
  Epoch 4/4 | Step 2500 | Loss: 1.0672 | Reward: 0.127 | LR: 1.43e-06
  Epoch 4/4 | Step 2550 | Loss: -0.0019 | Reward: 0.750 | LR: 1.40e-06
  Epoch 4/4 | Step 2600 | Loss: -0.0013 | Reward: 0.750 | LR: 1.37e-06
  Epoch 4/4 | Step 2650 | Loss: 0.1161 | Reward: 0.749 | LR: 1.34e-06
  Epoch 4/4 | Step 2700 | Loss: -0.0088 | Reward: 0.750 | LR: 1.31e-06
  Epoch 4/4 | Step 2750 | Loss: -0.0006 | Reward: 0.750 | LR: 1.28e-06
  Epoch 4/4 | Step 2800 | Loss: 0.0000 | Reward: 0.750 | LR: 1.26e-06
  Epoch 4/4 | Step 2850 | Loss: 0.0000 | Reward: 0.750 | LR: 1.23e-06
  Epoch 4/4 | Step 2900 | Loss: 1.0979 | Reward: 0.127 | LR: 1.21e-06
  Epoch 4/4 | Step 2950 | Loss: 0.0000 | Reward: 0.750 | LR: 1.19e-06
  Epoch 4/4 | Step 3000 | Loss: 0.0000 | Reward: 0.750 | LR: 1.17e-06
  Epoch 4/4 | Step 3050 | Loss: -0.0064 | Reward: 0.750 | LR: 1.15e-06
  Epoch 4/4 | Step 3100 | Loss: 0.0000 | Reward: 0.750 | LR: 1.13e-06
  Epoch 4/4 | Step 3150 | Loss: 0.0003 | Reward: 0.750 | LR: 1.11e-06
  Epoch 4/4 | Step 3200 | Loss: 1.2551 | Reward: 0.037 | LR: 1.09e-06
  Epoch 4/4 | Step 3250 | Loss: 0.0000 | Reward: 0.750 | LR: 1.08e-06
  Epoch 4/4 | Step 3300 | Loss: 2.1216 | Reward: -0.495 | LR: 1.07e-06
  Epoch 4/4 | Step 3350 | Loss: 0.0000 | Reward: 0.750 | LR: 1.05e-06
  Epoch 4/4 | Step 3400 | Loss: 0.0000 | Reward: 0.750 | LR: 1.04e-06
  Epoch 4/4 | Step 3450 | Loss: 1.0750 | Reward: 0.127 | LR: 1.03e-06
  Epoch 4/4 | Step 3500 | Loss: 0.0000 | Reward: 0.750 | LR: 1.02e-06
  Epoch 4/4 | Step 3550 | Loss: 1.0182 | Reward: 0.127 | LR: 1.02e-06
  Epoch 4/4 | Step 3600 | Loss: 0.0000 | Reward: 0.750 | LR: 1.01e-06
  Epoch 4/4 | Step 3650 | Loss: 0.0000 | Reward: 0.750 | LR: 1.01e-06
  Epoch 4/4 | Step 3700 | Loss: -0.0034 | Reward: 0.750 | LR: 1.00e-06
  Epoch 4/4 | Step 3750 | Loss: 0.0000 | Reward: 0.750 | LR: 1.00e-06
  Epoch 4/4 | Step 3800 | Loss: 0.0000 | Reward: 0.750 | LR: 1.00e-06
=== Epoch 4/4 done in 12092.0s | avg loss: 0.1991 ===

Fitting post-training calibration temperatures...
Fitted calibration temperatures (choice, score, noul): [5.013, 1.2, 1.2]

Model successfully saved to ./laya_fintiment!
